EXIT kind=compile suite=catalog_checkpoint_codec_tests code=0
EXIT kind=run suite=catalog_checkpoint_codec_tests code=0
EXIT kind=compile suite=catalog_checkpoint_restore_tests code=0
EXIT kind=run suite=catalog_checkpoint_restore_tests code=0
EXIT kind=compile suite=catalog_checkpoint_store_tests code=0
EXIT kind=run suite=catalog_checkpoint_store_tests code=0
EXIT kind=compile suite=catalog_metadata_integration_tests code=0
EXIT kind=run suite=catalog_metadata_integration_tests code=0
EXIT kind=compile suite=catalog_metadata_tests code=0
EXIT kind=run suite=catalog_metadata_tests code=0
EXIT kind=compile suite=catalog_override_display_tests code=0
EXIT kind=run suite=catalog_override_display_tests code=0
EXIT kind=compile suite=kar_lyric_timeline_tests code=0
EXIT kind=run suite=kar_lyric_timeline_tests code=0
EXIT kind=compile suite=linux_checkpoint_evidence_tests code=0
EXIT kind=run suite=linux_checkpoint_evidence_tests code=0
EXIT kind=compile suite=linux_checkpoint_lease_tests code=0
EXIT kind=run suite=linux_checkpoint_lease_tests code=0
EXIT kind=compile suite=linux_checkpoint_provider_tests code=0
EXIT kind=run suite=linux_checkpoint_provider_tests code=0
EXIT kind=compile suite=lyric_clock_observer_tests code=0
EXIT kind=run suite=lyric_clock_observer_tests code=0
EXIT kind=compile suite=lyric_media_consumer_tests code=0
EXIT kind=run suite=lyric_media_consumer_tests code=0
EXIT kind=compile suite=lyric_text_decoder_tests code=0
EXIT kind=run suite=lyric_text_decoder_tests code=0
EXIT kind=compile suite=media_clock_publication_tests code=0
EXIT kind=run suite=media_clock_publication_tests code=0
EXIT kind=compile suite=midi_diagnostics_cli_tests code=0
EXIT kind=run suite=midi_diagnostics_cli_tests code=0
EXIT kind=compile suite=midi_mixer_preset_tests code=0
EXIT kind=run suite=midi_mixer_preset_tests code=0
EXIT kind=compile suite=midi_velocity_curve_tests code=0
EXIT kind=run suite=midi_velocity_curve_tests code=0
EXIT kind=compile suite=root_reattachment_tests code=0
EXIT kind=run suite=root_reattachment_tests code=0
EXIT kind=compile suite=runtime_mixer_console_tests code=0
EXIT kind=run suite=runtime_mixer_console_tests code=0
EXIT kind=compile suite=smf_parser_tests code=0
EXIT kind=run suite=smf_parser_tests code=0
EXIT kind=compile suite=song_catalog_tests code=0
EXIT kind=run suite=song_catalog_tests code=0
EXIT kind=compile suite=song_discovery_tests code=0
EXIT kind=run suite=song_discovery_tests code=0
EXIT kind=compile suite=song_preparation_tests code=0
EXIT kind=run suite=song_preparation_tests code=0
EXIT kind=compile suite=stereo_peak_limiter_tests code=0
EXIT kind=run suite=stereo_peak_limiter_tests code=0
SUMMARY suites=24 compile_exit=0 run_exit=0 source_clean=1
OVERALL exit=0
